/cm/local/apps/slurm/var/spool/job3305595/slurm_script: /cvmfs/soft.computecanada.ca/custom/software/lmod/lmod/init/bash: Too many levels of symbolic links
Starting Evaluation...
Traceback (most recent call last):
  File "/project/6107991/golikovp/Robust-Reasoning-Benchmark/experiments/compound/attentions/analyze_dilution.py", line 5, in <module>
    import torch
  File "/home/golikovp/anaconda3/lib/python3.13/site-packages/torch/__init__.py", line 430, in <module>
    _load_global_deps()
    ~~~~~~~~~~~~~~~~~^^
  File "/home/golikovp/anaconda3/lib/python3.13/site-packages/torch/__init__.py", line 388, in _load_global_deps
    _preload_cuda_deps(err)
    ~~~~~~~~~~~~~~~~~~^^^^^
  File "/home/golikovp/anaconda3/lib/python3.13/site-packages/torch/__init__.py", line 344, in _preload_cuda_deps
    raise err
  File "/home/golikovp/anaconda3/lib/python3.13/site-packages/torch/__init__.py", line 366, in _load_global_deps
    ctypes.CDLL(global_deps_lib_path, mode=ctypes.RTLD_GLOBAL)
    ~~~~~~~~~~~^^^^^^^^^^^^^^^^^^^^^^^^^^^^^^^^^^^^^^^^^^^^^^^
  File "/home/golikovp/anaconda3/lib/python3.13/ctypes/__init__.py", line 390, in __init__
    self._handle = _dlopen(self._name, mode)
                   ~~~~~~~^^^^^^^^^^^^^^^^^^
OSError: libmpi_cxx.so.40: cannot open shared object file: No such file or directory
