Evaluation Started: Thu Jan  1 05:06:08 2026
Experiment: Opposites (Static + Anti)
Run ID: opposites_(static_+_anti)_k1.0_s42_20260101_050608
Parameters: k=1.0, seed=42, limit=None

--- Problem 0 ---
Result: CORRECT
Extracted: 204, Truth: 204

--- Problem 1 ---
Result: INCORRECT
Extracted: 23, Truth: 113

--- Problem 2 ---
Result: INCORRECT
Extracted: 35, Truth: 371

--- Problem 3 ---
Result: INCORRECT
Extracted: 25, Truth: 385

--- Problem 4 ---
Result: INCORRECT
Extracted: 134, Truth: 110

--- Problem 5 ---
Result: INCORRECT
Extracted: 6, Truth: 104

--- Problem 6 ---
Result: CORRECT
Extracted: 721, Truth: 721

--- Problem 7 ---
Result: CORRECT
Extracted: 25, Truth: 025

--- Problem 8 ---
Result: CORRECT
Extracted: 809, Truth: 809

--- Problem 9 ---
Result: CORRECT
Extracted: 116, Truth: 116

--- Problem 10 ---
Result: CORRECT
Extracted: 104, Truth: 104

--- Problem 11 ---
Result: INCORRECT
Extracted: 42, Truth: 294

--- Problem 12 ---
Result: CORRECT
Extracted: 540, Truth: 540

--- Problem 13 ---
Result: INCORRECT
Extracted: 2, Truth: 197

--- Problem 14 ---
Result: CORRECT
Extracted: 480, Truth: 480

--- Problem 15 ---
Result: CORRECT
Extracted: 73, Truth: 073

--- Problem 16 ---
Result: INCORRECT
Extracted: 52\sqrt{39, Truth: 468

--- Problem 17 ---
Result: INCORRECT
Extracted: 7, Truth: 601

--- Problem 18 ---
Result: INCORRECT
Extracted: 4, Truth: 023

--- Problem 19 ---
Result: CORRECT
Extracted: 321, Truth: 321

--- Problem 20 ---
Result: INCORRECT
Extracted: 26, Truth: 211

--- Problem 21 ---
Result: INCORRECT
Extracted: 15, Truth: 315

--- Problem 22 ---
Result: INCORRECT
Extracted: 356, Truth: 236

--- Problem 23 ---
Result: CORRECT
Extracted: 45, Truth: 045

--- Problem 24 ---
Result: CORRECT
Extracted: 33, Truth: 033

--- Problem 25 ---
Result: INCORRECT
Extracted: 40, Truth: 080

--- Problem 26 ---
Result: CORRECT
Extracted: 55, Truth: 055

--- Problem 27 ---
Result: CORRECT
Extracted: 699, Truth: 699

--- Problem 28 ---
Result: INCORRECT
Extracted: 7, Truth: 127

--- Problem 29 ---
Result: INCORRECT
Extracted: 2, Truth: 902

