Techniques to analyze: ['context_saturation', 'interleaved_context_line', 'interleaved_context_word', 'not_not_yot', 'opposites', 'sentence_reversal', 'word_reversal', 'word_split_swap', 'wrappers']
Base Directory: /project/6107991/golikovp/Linguistic_traps/experiments
Output Directory: /project/6107991/golikovp/Linguistic_traps/experiments/analysis/results
Loading SentenceTransformer model on cuda...

Processing: context_saturation
  Latest file: GAIR_LIMO-v2_context_saturation_s42_20260118_040052.json
  Saved report to: /project/6107991/golikovp/Linguistic_traps/experiments/analysis/results/context_saturation_semantic_20260118_162706.json

Processing: interleaved_context_line
  Latest file: GAIR_LIMO-v2_interleaved_context_line_s42_20260118_040052.json
  Saved report to: /project/6107991/golikovp/Linguistic_traps/experiments/analysis/results/interleaved_context_line_semantic_20260118_162903.json

Processing: interleaved_context_word
  Latest file: GAIR_LIMO-v2_interleaved_context_word_s42_20260118_040052.json
  Saved report to: /project/6107991/golikovp/Linguistic_traps/experiments/analysis/results/interleaved_context_word_semantic_20260118_163244.json

Processing: not_not_yot
  Latest file: GAIR_LIMO-v2_not_not_yot_s42_20260118_040052.json
  Saved report to: /project/6107991/golikovp/Linguistic_traps/experiments/analysis/results/not_not_yot_semantic_20260118_163453.json

Processing: opposites
  Latest file: GAIR_LIMO-v2_opposites_s42_20260118_040052.json
  Saved report to: /project/6107991/golikovp/Linguistic_traps/experiments/analysis/results/opposites_semantic_20260118_163710.json

Processing: sentence_reversal
  Latest file: GAIR_LIMO-v2_sentence_reversal_s42_20260118_040052.json
  Saved report to: /project/6107991/golikovp/Linguistic_traps/experiments/analysis/results/sentence_reversal_semantic_20260118_163924.json

Processing: word_reversal
  Latest file: GAIR_LIMO-v2_word_reversal_s42_20260118_040052.json
  Saved report to: /project/6107991/golikovp/Linguistic_traps/experiments/analysis/results/word_reversal_semantic_20260118_164215.json

Processing: word_split_swap
  Latest file: GAIR_LIMO-v2_word_split_swap_s42_20260118_040052.json
  Saved report to: /project/6107991/golikovp/Linguistic_traps/experiments/analysis/results/word_split_swap_semantic_20260118_164655.json

Processing: wrappers
  Latest file: GAIR_LIMO-v2_wrappers_s42_20260118_040052.json
  Saved report to: /project/6107991/golikovp/Linguistic_traps/experiments/analysis/results/wrappers_semantic_20260118_164923.json

Experiment                     | Total    | Orig Acc   | Sem Acc    | Recovered  | File
---------------------------------------------------------------------------------------
context_saturation             | 150      | 58.00%<10 | 82.67%<10 | 37         | GAIR_LIMO-v2_context_saturation_s42_20260118_040052.json
interleaved_context_line       | 150      | 62.67%<10 | 95.33%<10 | 49         | GAIR_LIMO-v2_interleaved_context_line_s42_20260118_040052.json
interleaved_context_word       | 150      | 16.67%<10 | 39.33%<10 | 34         | GAIR_LIMO-v2_interleaved_context_word_s42_20260118_040052.json
not_not_yot                    | 150      | 60.67%<10 | 89.33%<10 | 43         | GAIR_LIMO-v2_not_not_yot_s42_20260118_040052.json
opposites                      | 150      | 59.33%<10 | 90.00%<10 | 46         | GAIR_LIMO-v2_opposites_s42_20260118_040052.json
sentence_reversal              | 150      | 62.00%<10 | 97.33%<10 | 53         | GAIR_LIMO-v2_sentence_reversal_s42_20260118_040052.json
word_reversal                  | 150      | 45.33%<10 | 96.67%<10 | 77         | GAIR_LIMO-v2_word_reversal_s42_20260118_040052.json
word_split_swap                | 150      | 8.67%<10 | 44.67%<10 | 54         | GAIR_LIMO-v2_word_split_swap_s42_20260118_040052.json
wrappers                       | 150      | 51.33%<10 | 84.67%<10 | 50         | GAIR_LIMO-v2_wrappers_s42_20260118_040052.json

Summary appended to: /project/6107991/golikovp/Linguistic_traps/experiments/analysis/reconstruction_analysis.txt
