========================================
Running Baseline Evaluation (No Perturbation)
========================================
Starting evaluation on 30 examples. Perturbation: None
Processing Problem 0...
  Result: INCORRECT (Got: 9, Expected: 204)
Processing Problem 1...
  Result: INCORRECT (Got: 0, Expected: 113)
Processing Problem 2...
  Result: INCORRECT (Got: 7, Expected: 371)
Processing Problem 3...
  Result: INCORRECT (Got: 1, Expected: 385)
Processing Problem 4...
  Result: INCORRECT (Got: 2, Expected: 110)
Processing Problem 5...
  Result: INCORRECT (Got: 1, Expected: 104)
Processing Problem 6...
  Result: INCORRECT (Got: 2, Expected: 721)
Processing Problem 7...
  Result: INCORRECT (Got: 481, Expected: 025)
Processing Problem 8...
  Result: INCORRECT (Got: 2024, Expected: 809)
Processing Problem 9...
  Result: INCORRECT (Got: 1, Expected: 116)
Processing Problem 10...
  Result: INCORRECT (Got: 0, Expected: 104)
Processing Problem 11...
  Result: INCORRECT (Got: 8, Expected: 294)
Processing Problem 12...
  Result: CORRECT (Got: 540, Expected: 540)
Processing Problem 13...
  Result: INCORRECT (Got: 2, Expected: 197)
Processing Problem 14...
  Result: INCORRECT (Got: 2, Expected: 480)
Processing Problem 15...
  Result: INCORRECT (Got: 900, Expected: 073)
Processing Problem 16...
  Result: INCORRECT (Got: 2, Expected: 468)
Processing Problem 17...
  Result: INCORRECT (Got: 100, Expected: 601)
Processing Problem 18...
  Result: INCORRECT (Got: 0, Expected: 023)
Processing Problem 19...
  Result: INCORRECT (Got: 2, Expected: 321)
Processing Problem 20...
  Result: INCORRECT (Got: 1, Expected: 211)
Processing Problem 21...
  Result: INCORRECT (Got: 90, Expected: 315)
Processing Problem 22...
  Result: INCORRECT (Got: 3, Expected: 236)
Processing Problem 23...
  Result: INCORRECT (Got: 9, Expected: 045)
Processing Problem 24...
  Result: INCORRECT (Got: 4, Expected: 033)
Processing Problem 25...
  Result: INCORRECT (Got: 3, Expected: 080)
Processing Problem 26...
  Result: INCORRECT (Got: 10, Expected: 055)
Processing Problem 27...
  Result: INCORRECT (Got: 9, Expected: 699)
Processing Problem 28...
  Result: INCORRECT (Got: 0, Expected: 127)
Processing Problem 29...
  Result: INCORRECT (Got: 5, Expected: 902)

Evaluation Complete.
Accuracy: 3.33% (1/30)


========================================
Running Adversarial Evaluation (Not Not, k=3)
========================================
Starting evaluation on 30 examples. Perturbation: not_not
Processing Problem 0...
  Result: INCORRECT (Got: 3, Expected: 204)
Processing Problem 1...
  Result: INCORRECT (Got: 180, Expected: 113)
Processing Problem 2...
  Result: INCORRECT (Got: 8, Expected: 371)
Processing Problem 3...
  Result: INCORRECT (Got: 0, Expected: 385)
Processing Problem 4...
  Result: INCORRECT (Got: 1, Expected: 110)
Processing Problem 5...
  Result: INCORRECT (Got: 21, Expected: 104)
Processing Problem 6...
  Result: INCORRECT (Got: 3, Expected: 721)
Processing Problem 7...
  Result: INCORRECT (Got: 2, Expected: 025)
Processing Problem 8...
  Result: INCORRECT (Got: 19, Expected: 809)
Processing Problem 9...
  Result: INCORRECT (Got: 2, Expected: 116)
Processing Problem 10...
  Result: INCORRECT (Got: 0, Expected: 104)
Processing Problem 11...
  Result: INCORRECT (Got: 2, Expected: 294)
Processing Problem 12...
  Result: INCORRECT (Got: 75, Expected: 540)
Processing Problem 13...
  Result: INCORRECT (Got: 2, Expected: 197)
Processing Problem 14...
  Result: INCORRECT (Got: 0, Expected: 480)
Processing Problem 15...
  Result: INCORRECT (Got: 367, Expected: 073)
Processing Problem 16...
  Result: INCORRECT (Got: 4, Expected: 468)
Processing Problem 17...
  Result: INCORRECT (Got: 000, Expected: 601)
Processing Problem 18...
  Result: INCORRECT (Got: 0, Expected: 023)
Processing Problem 19...
  Result: INCORRECT (Got: 1, Expected: 321)
Processing Problem 20...
  Result: INCORRECT (Got: 1, Expected: 211)
Processing Problem 21...
  Result: INCORRECT (Got: 0, Expected: 315)
Processing Problem 22...
  Result: INCORRECT (Got: 1, Expected: 236)
Processing Problem 23...
  Result: INCORRECT (Got: 2, Expected: 045)
Processing Problem 24...
  Result: INCORRECT (Got: 8, Expected: 033)
Processing Problem 25...
  Result: INCORRECT (Got: 180, Expected: 080)
Processing Problem 26...
  Result: INCORRECT (Got: 11, Expected: 055)
Processing Problem 27...
  Result: INCORRECT (Got: 7, Expected: 699)
Processing Problem 28...
  Result: INCORRECT (Got: 2, Expected: 127)
Processing Problem 29...
  Result: INCORRECT (Got: 1, Expected: 902)

Evaluation Complete.
Accuracy: 0.00% (0/30)


========================================

Results saved to results/evaluation_data.json and results/evaluation_report.md
